MPLINK 4.40, Linker
Linker Map File - Created Fri Apr 21 14:49:10 2017

                                 Section Info
                  Section       Type    Address   Location Size(Bytes)
                ---------  ---------  ---------  ---------  ---------
                   .org_0       code   0x000000    program   0x000000
                   .org_1       code   0x000000    program   0x000002
                   .org_2       code   0x000020    program   0x000046



                              Program Memory Usage 
                               Start         End      
                           ---------   ---------      
                            0x000000    0x000000      
                            0x000020    0x000042      
            36 out of 8454 program addresses used, program memory utilization is 0%



                              Symbols - Sorted by Name
                     Name    Address   Location    Storage File                     
                ---------  ---------  ---------  --------- ---------                
                buffreset   0x00003f    program     static C:\Users\susan_000\Documents\MPLAB Projects\Circular Buffer\buffer.asm
                   finish   0x000043    program     static C:\Users\susan_000\Documents\MPLAB Projects\Circular Buffer\buffer.asm
               incmainreg   0x000028    program     static C:\Users\susan_000\Documents\MPLAB Projects\Circular Buffer\buffer.asm
                 initbuff   0x00002b    program     static C:\Users\susan_000\Documents\MPLAB Projects\Circular Buffer\buffer.asm
              initmainreg   0x000025    program     static C:\Users\susan_000\Documents\MPLAB Projects\Circular Buffer\buffer.asm
                     main   0x000020    program     static C:\Users\susan_000\Documents\MPLAB Projects\Circular Buffer\buffer.asm
                  mainone   0x000022    program     static C:\Users\susan_000\Documents\MPLAB Projects\Circular Buffer\buffer.asm
                storebuff   0x000034    program     static C:\Users\susan_000\Documents\MPLAB Projects\Circular Buffer\buffer.asm



                              Symbols - Sorted by Address
                     Name    Address   Location    Storage File                     
                ---------  ---------  ---------  --------- ---------                
                     main   0x000020    program     static C:\Users\susan_000\Documents\MPLAB Projects\Circular Buffer\buffer.asm
                  mainone   0x000022    program     static C:\Users\susan_000\Documents\MPLAB Projects\Circular Buffer\buffer.asm
              initmainreg   0x000025    program     static C:\Users\susan_000\Documents\MPLAB Projects\Circular Buffer\buffer.asm
               incmainreg   0x000028    program     static C:\Users\susan_000\Documents\MPLAB Projects\Circular Buffer\buffer.asm
                 initbuff   0x00002b    program     static C:\Users\susan_000\Documents\MPLAB Projects\Circular Buffer\buffer.asm
                storebuff   0x000034    program     static C:\Users\susan_000\Documents\MPLAB Projects\Circular Buffer\buffer.asm
                buffreset   0x00003f    program     static C:\Users\susan_000\Documents\MPLAB Projects\Circular Buffer\buffer.asm
                   finish   0x000043    program     static C:\Users\susan_000\Documents\MPLAB Projects\Circular Buffer\buffer.asm


